2026-06-30 09:10:10 [ERROR] worker-7: task 717 failed with code 500
2026-06-30 09:19:48 [INFO] worker-6: task 132 completed
2026-06-30 09:09:44 [INFO] worker-7: task 556 completed
2026-06-30 09:22:22 [INFO] worker-6: task 467 completed
2026-06-30 09:16:33 [INFO] worker-2: task 571 completed
2026-06-30 09:24:30 [INFO] worker-6: task 226 completed
2026-06-30 09:07:42 [INFO] worker-2: task 6 completed
2026-06-30 09:53:00 [DEBUG] worker-5: task 563 completed
2026-06-30 09:53:07 [WARN] worker-3: task 639 retrying
2026-06-30 09:25:56 [INFO] worker-2: task 525 completed
2026-06-30 09:30:38 [WARN] worker-6: task 303 retrying
2026-06-30 09:48:43 [ERROR] worker-0: task 278 failed with code 500
2026-06-30 09:06:57 [WARN] worker-6: task 607 retrying
2026-06-30 09:35:41 [WARN] worker-3: task 871 retrying
2026-06-30 09:02:45 [INFO] worker-1: task 315 completed
2026-06-30 09:02:15 [ERROR] worker-3: task 597 failed with code 500
2026-06-30 09:08:26 [DEBUG] worker-3: task 157 completed
2026-06-30 09:03:46 [INFO] worker-2: task 389 completed
2026-06-30 09:52:58 [DEBUG] worker-0: task 62 completed
2026-06-30 09:02:24 [INFO] worker-5: task 678 completed
2026-06-30 09:03:40 [INFO] worker-2: task 996 completed
2026-06-30 09:47:39 [INFO] worker-7: task 766 completed
2026-06-30 09:51:48 [INFO] worker-3: task 966 completed
2026-06-30 09:50:37 [DEBUG] worker-6: task 250 completed
2026-06-30 09:46:39 [INFO] worker-2: task 992 completed
2026-06-30 09:22:42 [INFO] worker-4: task 346 completed
2026-06-30 09:15:20 [INFO] worker-4: task 664 completed
2026-06-30 09:20:56 [WARN] worker-2: task 898 retrying
2026-06-30 09:40:28 [INFO] worker-2: task 491 completed
2026-06-30 09:27:51 [INFO] worker-7: task 779 completed
2026-06-30 09:34:03 [INFO] worker-3: task 531 completed
2026-06-30 09:32:56 [INFO] worker-7: task 608 completed
2026-06-30 09:49:05 [ERROR] worker-1: task 436 failed with code 500
2026-06-30 09:19:58 [INFO] worker-5: task 215 completed
2026-06-30 09:36:32 [DEBUG] worker-0: task 665 completed
2026-06-30 09:17:37 [WARN] worker-2: task 959 retrying
2026-06-30 09:24:37 [INFO] worker-5: task 487 completed
2026-06-30 09:31:43 [INFO] worker-6: task 814 completed
2026-06-30 09:31:06 [INFO] worker-5: task 990 completed
2026-06-30 09:01:53 [INFO] worker-0: task 550 completed